R1#conf t
Enter configuration commands, one per line.  End with CNTL/Z.
R1(config)#exit
R1#
*Mar  1 00:19:02.311: %SYS-5-CONFIG_I: Configured from console by console
R1#disable
R1>undisable
Translating "undisable"

Translating "undisable"
% Unknown command or computer name, or unable to find computer address
R1>en
R1#conf t
Enter configuration commands, one per line.  End with CNTL/Z.
R1(config)#enable password vikhil
R1(config)#exit
R1#
*Mar  1 00:20:54.643: %SYS-5-CONFIG_I: Configured from console by console
R1#disable
R1>en
Password:
Password:
R1#sh run
Building configuration...

Current configuration : 905 bytes
!
version 12.4
service timestamps debug datetime msec
service timestamps log datetime msec
no service password-encryption
!
hostname R1
!
boot-start-marker
boot-end-marker
!
enable password vikhil
!
no aaa new-model
memory-size iomem 5
no ip icmp rate-limit unreachable
ip cef
!
!
!
!
no ip domain lookup
ip auth-proxy max-nodata-conns 3
ip admission max-nodata-conns 3
!
!
!
!
!
!
!
!
!
!
!
!
!
!
!
!
!
!
!
ip tcp synwait-time 5
!
!
!
!
!
interface FastEthernet0/0
 no ip address
 shutdown
 duplex auto
 speed auto
!
interface FastEthernet0/1
 no ip address
 shutdown
 duplex auto
 speed auto
!
ip forward-protocol nd
!
!
no ip http server
no ip http secure-server
!
no cdp log mismatch duplex
!
!
!
control-plane
!
!
!
!
!
!
!
!
!
!
line con 0
 exec-timeout 0 0
 privilege level 15
 logging synchronous
line aux 0
 exec-timeout 0 0
 privilege level 15
 logging synchronous
line vty 0 4
 login
!
!
end

R1#conf t
Enter configuration commands, one per line.  End with CNTL/Z.
R1(config)#enable secret vikhil1
R1(config)#exit
R1#
*Mar  1 00:23:42.539: %SYS-5-CONFIG_I: Configured from console by console
R1#conf t
Enter configuration commands, one per line.  End with CNTL/Z.
R1(config)#enable secret vikhil1
R1(config)#exit
R1#
*Mar  1 00:27:00.935: %SYS-5-CONFIG_I: Configured from console by console
R1#sh run
Building configuration...

Current configuration : 952 bytes
!
version 12.4
service timestamps debug datetime msec
service timestamps log datetime msec
no service password-encryption
!
hostname R1
!
boot-start-marker
boot-end-marker
!
enable secret 5 $1$3wki$dvN58hL4tivcY4rvX0sW80
enable password vikhil
!
no aaa new-model
memory-size iomem 5
no ip icmp rate-limit unreachable
ip cef
!
!
!
!
no ip domain lookup
ip auth-proxy max-nodata-conns 3
ip admission max-nodata-conns 3
!
!
!
!
!
!
!
!
!
!
!
!
!
!
!
!
!
!
!
ip tcp synwait-time 5
!
!
!
!
!
interface FastEthernet0/0
 no ip address
 shutdown
 duplex auto
 speed auto
!
interface FastEthernet0/1
 no ip address
 shutdown
 duplex auto
 speed auto
!
ip forward-protocol nd
!
!
no ip http server
no ip http secure-server
!
no cdp log mismatch duplex
!
!
!
control-plane
!
!
!
!
!
!
!
!
!
!
line con 0
 exec-timeout 0 0
 privilege level 15
 logging synchronous
line aux 0
 exec-timeout 0 0
 privilege level 15
 logging synchronous
line vty 0 4
 login
!
!
end

R1#disable
R1>en
Password:
R1#conf t
Enter configuration commands, one per line.  End with CNTL/Z.
R1(config)#line console 0
R1(config-line)#password cisco
R1(config-line)#login
R1(config-line)#line aux 0
R1(config-line)#password cisco1
R1(config-line)#login
R1(config-line)#int f0/0
R1(config-if)#ip add
R1(config-if)#ip address 192.168.10.1 255.255.255.0
R1(config-if)#no shut
R1(config-if)#
*Mar  1 00:35:05.683: %LINK-3-UPDOWN: Interface FastEthernet0/0, changed state to up
*Mar  1 00:35:06.683: %LINEPROTO-5-UPDOWN: Line protocol on Interface FastEthernet0/0, changed state to up
R1(config-if)#line vty 0 15
R1(config-line)#password cisco12
R1(config-line)#login
R1(config-line)#exit
R1(config)#hostname Router1
Router1(config)#ip domain-name wipro.com
Router1(config)#crypto key generate rsa
The name for the keys will be: Router1.wipro.com
Choose the size of the key modulus in the range of 360 to 2048 for your
  General Purpose Keys. Choosing a key modulus greater than 512 may take
  a few minutes.

How many bits in the modulus [512]: 512
% Generating 512 bit RSA keys, keys will be non-exportable...[OK]

Router1(config)#
*Mar  1 00:42:30.023:  RSA key size needs to be atleast 768 bits for ssh version 2
Router1(config)#
*Mar  1 00:42:30.027: %SSH-5-ENABLED: SSH 1.5 has been enabled
Router1(config)#ip sh version 2
                    ^
% Invalid input detected at '^' marker.

Router1(config)#ip'ssh version 2
                  ^
% Invalid input detected at '^' marker.

Router1(config)#ip ssh version 2
Please create RSA keys (of atleast 768 bits size) to enable SSH v2.
Router1(config)#crypto key generate rsa
% You already have RSA keys defined named Router1.wipro.com.
% Do you really want to replace them? [yes/no]: yes
Choose the size of the key modulus in the range of 360 to 2048 for your
  General Purpose Keys. Choosing a key modulus greater than 512 may take
  a few minutes.

How many bits in the modulus [512]:
*Mar  1 00:44:23.991: %SSH-5-DISABLED: SSH 1.5 has been disabled
2048
% Generating 2048 bit RSA keys, keys will be non-exportable...[OK]

Router1(config)#
Router1(config)#
*Mar  1 00:44:46.651: %SSH-5-ENABLED: SSH 1.99 has been enabled
Router1(config)#ip ssh version 2
Router1(config)#line vty 0 15
Router1(config-line)#transport input ssh
Router1(config-line)#login local
Router1(config-line)#username admin password cisco
Router1(config)#exit
Router1#
*Mar  1 00:54:53.527: %SYS-5-CONFIG_I: Configured from console by console
Router1#exit
=====================================================================================
Router1#sh run
Building configuration...

Current configuration : 1203 bytes
!
version 12.4
service timestamps debug datetime msec
service timestamps log datetime msec
no service password-encryption
!
hostname Router1
!
boot-start-marker
boot-end-marker
!
enable secret 5 $1$3wki$dvN58hL4tivcY4rvX0sW80
enable password vikhil
!
no aaa new-model
memory-size iomem 5
no ip icmp rate-limit unreachable
ip cef
!
!
!
!
no ip domain lookup
ip domain name wipro.com
ip auth-proxy max-nodata-conns 3
ip admission max-nodata-conns 3
!
!
!
!
!
!
!
!
!
!
!
!
!
!
!
!
!
username admin password 0 cisco
!
!
ip tcp synwait-time 5
ip ssh version 2
!
!
!
!
!
interface FastEthernet0/0
 ip address 192.168.10.1 255.255.255.0
 duplex auto
 speed auto
!
interface FastEthernet0/1
 no ip address
 shutdown
 duplex auto
 speed auto
!
ip forward-protocol nd
!
!
no ip http server
no ip http secure-server
!
no cdp log mismatch duplex
!
!
!
control-plane
!
!
!
!
!
!
!
!
!
!
line con 0
 exec-timeout 0 0
 privilege level 15
 password cisco
 logging synchronous
 login
line aux 0
 exec-timeout 0 0
 privilege level 15
 password cisco1
 logging synchronous
 login
line vty 0 4
 password cisco12
 login local
 transport input ssh
line vty 5 15
 password cisco12
 login local
 transport input ssh
!
!
end